postgresql://ash@localhost:5433/ash
postgresql://ash@localhost/ash
postgresql://localhost:5433/ash
postgresql://localhost/ash
postgresql://ash@localhost:5433/
postgresql://ash@localhost/
postgresql://localhost:5433/
postgresql://localhost:5433
postgresql://localhost/ash
postgresql://localhost/
postgresql://localhost
postgresql://
postgresql://%6Cocalhost/
postgresql://localhost/ash?user=ash
postgresql://localhost/ash?user=ash&port=5433
postgresql://localhost/ash?user=ash&port=5433
postgresql://localhost:5433?user=ash
postgresql://localhost?user=ash
postgresql://localhost?uzer=
postgresql://localhost?
postgresql://[::1]:5433/ash
postgresql://[::1]/ash
postgresql://[::1]/
postgresql://[::1]
postgres://
postgres:///tmp
